// Jest Snapshot v1, https://goo.gl/fbAQLP

exports[`AccordioHeading Component when rendered Should match the snapshot 1`] = `
<div
  className="accordio__heading"
>
  Hello World
  <div
    className="accordio__chevron"
  />
</div>
`;
