// Jest Snapshot v1, https://goo.gl/fbAQLP

exports[`Accordio Component when rendered Should match the snapshot 1`] = `
<Context.Provider
  value={
    Object {
      "activeIndex": null,
      "setActiveIndex": [Function],
    }
  }
>
  <div
    className="accordio"
  >
    Hello World
  </div>
</Context.Provider>
`;
